// Jest Snapshot v1, https://goo.gl/fbAQLP

exports[`Highscore screen renders highscores 1`] = `
<div
  class="highscoreScreen"
  data-testid="HighscoreScreen"
>
  <ol
    class="highscoreScreen__scores-container"
    data-testid="HighscoreScreen__scores-container"
  >
    <li
      data-position="1"
    >
      <span>
        AB
      </span>
      <span>
        1.0
      </span>
    </li>
    <li
      data-position="2"
    >
      <span>
        CD
      </span>
      <span>
        2.0
      </span>
    </li>
    <li
      data-position="3"
    >
      <span>
        EF
      </span>
      <span>
        3.0
      </span>
    </li>
    <li
      data-position="4"
    >
      <span>
        GH
      </span>
      <span>
        4.0
      </span>
    </li>
    <li
      data-position="5"
    >
      <span>
        IJ
      </span>
      <span>
        5.0
      </span>
    </li>
    <li
      data-position="6"
    >
      <span>
        KL
      </span>
      <span>
        6.0
      </span>
    </li>
    <li
      data-position="7"
    >
      <span>
        MN
      </span>
      <span>
        7.0
      </span>
    </li>
    <li
      data-position="8"
    >
      <span>
        OP
      </span>
      <span>
        8.0
      </span>
    </li>
    <li
      data-position="9"
    >
      <span>
        QR
      </span>
      <span>
        9.0
      </span>
    </li>
    <li
      data-position="10"
    >
      <span>
        ST
      </span>
      <span>
        10.0
      </span>
    </li>
  </ol>
  <div
    class="HighscoreScreen__player-score"
  >
    Your score is: 
    99.0
     seconds
  </div>
  <a
    class="highscoreScreen__back-btn"
    href="/"
  >
    <button
      type="button"
    >
      Go Back to selection screen
    </button>
  </a>
</div>
`;
