// Jest Snapshot v1, https://goo.gl/fbAQLP

exports[`Highscore screen renders highscores 1`] = `
<div
  class="highscoreScreen"
  data-testid="HighscoreScreen"
>
  <div
    class="highscoreScreen__scores-container"
    data-testid="HighscoreScreen__scores-container"
  >
    <div>
      <span>
        AB
      </span>
      <span>
        1
      </span>
    </div>
    <div>
      <span>
        CD
      </span>
      <span>
        2
      </span>
    </div>
    <div>
      <span>
        EF
      </span>
      <span>
        3
      </span>
    </div>
    <div>
      <span>
        GH
      </span>
      <span>
        4
      </span>
    </div>
    <div>
      <span>
        IJ
      </span>
      <span>
        5
      </span>
    </div>
    <div>
      <span>
        KL
      </span>
      <span>
        6
      </span>
    </div>
    <div>
      <span>
        MN
      </span>
      <span>
        7
      </span>
    </div>
    <div>
      <span>
        OP
      </span>
      <span>
        8
      </span>
    </div>
    <div>
      <span>
        QR
      </span>
      <span>
        9
      </span>
    </div>
    <div>
      <span>
        ST
      </span>
      <span>
        10
      </span>
    </div>
  </div>
  <div
    class="HighscoreScreen__player-score"
  >
    Your score is: 
    99.0
  </div>
  <a
    href="/"
  >
    <button
      class="highscoreScreen__back-btn"
      type="button"
    >
      Go Back to selection screen
    </button>
  </a>
</div>
`;
